[dotenv@17.2.3] injecting env (5) from .env -- tip: ÔÜÖ´©Å  suppress all logs with { quiet: true }
Server running on http://localhost:5000
